/opt/st/stm32cubeide_1.19.0/plugins/com.st.stm32cube.ide.mcu.externaltools.gnu-tools-for-stm32.13.3.rel1.linux64_1.0.0.202410170706/tools/arm-none-eabi/include/c++/13.3.1/arm-none-eabi/thumb/v7-m/nofp/bits/gthr-default.h:229:1:int __gthread_key_delete(__gthread_key_t)	16	static
../Core/Src/FloodFill.cpp:9:6:void propogate_distances(int, MapNode*, Orientation, Orientation)	32	static
../Core/Src/FloodFill.cpp:23:6:void generate_map(MapNode (*)[16])	32	static
../Core/Src/FloodFill.cpp:56:6:void propogate_race_distances(MapNode (*)[16])	56	static
../Core/Src/FloodFill.cpp:64:6:void propogate_rehome_distances(MapNode (*)[16])	48	static
../Core/Src/FloodFill.cpp:70:6:void map_node(MapNode*)	16	static
../Core/Src/FloodFill.cpp:74:6:void sever_path(MapNode*, Orientation)	24	static
../Core/Src/FloodFill.cpp:90:6:void update_node(MapNode*)	48	static
../Core/Inc/FloodFill.h:23:3:NodeConnection::NodeConnection()	16	static
../Core/Src/FloodFill.cpp:118:16:NodeConnection get_most_optimal_node_connection(MapNode*, bool, bool)	80	static
../Core/Inc/FloodFill.h:28:3:NodeConnections::NodeConnections()	24	static
../Core/Src/FloodFill.cpp:149:17:NodeConnections get_most_optimal_node_connections(MapNode*)	88	static
