../Core/Src/main.cpp:73:6:void HAL_TIM_IC_CaptureCallback(TIM_HandleTypeDef*)	24	static
../Core/Src/main.cpp:90:5:int main()	8	static
../Core/Src/main.cpp:161:6:void SystemClock_Config()	88	static
../Core/Src/main.cpp:207:13:void MX_ADC1_Init()	24	static
../Core/Src/main.cpp:254:13:void MX_TIM2_Init()	64	static
../Core/Src/main.cpp:317:13:void MX_TIM3_Init()	56	static
../Core/Src/main.cpp:366:13:void MX_TIM4_Init()	56	static
../Core/Src/main.cpp:415:13:void MX_GPIO_Init()	40	static
../Core/Src/main.cpp:490:6:void Error_Handler()	4	static,ignoring_inline_asm
