../Core/Src/main.c:99:6:DWT_Init	16	static
../Core/Src/main.c:111:6:delay_us	24	static
../Core/Src/main.c:125:5:main	184	static
../Core/Src/main.c:218:6:SystemClock_Config	88	static
../Core/Src/main.c:260:13:MX_ADC1_Init	24	static
../Core/Src/main.c:312:13:MX_SPI1_Init	8	static
../Core/Src/main.c:350:13:MX_SPI3_Init	8	static
../Core/Src/main.c:388:13:MX_TIM2_Init	56	static
../Core/Src/main.c:437:13:MX_TIM4_Init	56	static
../Core/Src/main.c:486:13:MX_TIM5_Init	48	static
../Core/Src/main.c:539:13:MX_UART4_Init	8	static
../Core/Src/main.c:572:13:MX_GPIO_Init	48	static
../Core/Src/main.c:637:6:Error_Handler	4	static,ignoring_inline_asm
