../Core/Src/main.c:107:6:DWT_Init	16	static
../Core/Src/main.c:119:6:delay_us	24	static
../Core/Src/main.c:133:5:main	112	static
../Core/Src/main.c:238:6:SystemClock_Config	88	static
../Core/Src/main.c:280:13:MX_ADC1_Init	24	static
../Core/Src/main.c:332:13:MX_SPI1_Init	8	static
../Core/Src/main.c:370:13:MX_SPI3_Init	8	static
../Core/Src/main.c:408:13:MX_TIM2_Init	56	static
../Core/Src/main.c:457:13:MX_TIM4_Init	56	static
../Core/Src/main.c:506:13:MX_TIM5_Init	48	static
../Core/Src/main.c:559:13:MX_UART4_Init	8	static
../Core/Src/main.c:592:13:MX_GPIO_Init	48	static
../Core/Src/main.c:658:6:Error_Handler	4	static,ignoring_inline_asm
