../Core/Src/main.cpp:74:6:void HAL_TIM_IC_CaptureCallback(TIM_HandleTypeDef*)	24	static
../Core/Src/main.cpp:86:5:int main()	16	static
../Core/Src/main.cpp:169:6:void SystemClock_Config()	88	static
../Core/Src/main.cpp:216:13:void MX_ADC1_Init()	24	static
../Core/Src/main.cpp:263:13:void MX_TIM2_Init()	64	static
../Core/Src/main.cpp:326:13:void MX_TIM3_Init()	56	static
../Core/Src/main.cpp:375:13:void MX_TIM4_Init()	56	static
../Core/Src/main.cpp:424:13:void MX_GPIO_Init()	40	static
../Core/Src/main.cpp:500:6:void Error_Handler()	4	static,ignoring_inline_asm
../Core/Src/main.cpp:509:1:void __static_initialization_and_destruction_0()	24	static
../Core/Src/main.cpp:509:1:cpp)	8	static
