Archive member included to satisfy reference by file (symbol)

/opt/st/stm32cubeide_1.18.1/plugins/com.st.stm32cube.ide.mcu.externaltools.gnu-tools-for-stm32.13.3.rel1.linux64_1.0.0.202410170706/tools/bin/../lib/gcc/arm-none-eabi/13.3.1/../../../../arm-none-eabi/lib/thumb/v7-m/nofp/libc_nano.a(libc_a-exit.o)
                              /opt/st/stm32cubeide_1.18.1/plugins/com.st.stm32cube.ide.mcu.externaltools.gnu-tools-for-stm32.13.3.rel1.linux64_1.0.0.202410170706/tools/bin/../lib/gcc/arm-none-eabi/13.3.1/../../../../arm-none-eabi/lib/thumb/v7-m/nofp/crt0.o (exit)
/opt/st/stm32cubeide_1.18.1/plugins/com.st.stm32cube.ide.mcu.externaltools.gnu-tools-for-stm32.13.3.rel1.linux64_1.0.0.202410170706/tools/bin/../lib/gcc/arm-none-eabi/13.3.1/../../../../arm-none-eabi/lib/thumb/v7-m/nofp/libc_nano.a(libc_a-findfp.o)
                              /opt/st/stm32cubeide_1.18.1/plugins/com.st.stm32cube.ide.mcu.externaltools.gnu-tools-for-stm32.13.3.rel1.linux64_1.0.0.202410170706/tools/bin/../lib/gcc/arm-none-eabi/13.3.1/../../../../arm-none-eabi/lib/thumb/v7-m/nofp/libc_nano.a(libc_a-exit.o) (__stdio_exit_handler)
/opt/st/stm32cubeide_1.18.1/plugins/com.st.stm32cube.ide.mcu.externaltools.gnu-tools-for-stm32.13.3.rel1.linux64_1.0.0.202410170706/tools/bin/../lib/gcc/arm-none-eabi/13.3.1/../../../../arm-none-eabi/lib/thumb/v7-m/nofp/libc_nano.a(libc_a-fwalk.o)
                              /opt/st/stm32cubeide_1.18.1/plugins/com.st.stm32cube.ide.mcu.externaltools.gnu-tools-for-stm32.13.3.rel1.linux64_1.0.0.202410170706/tools/bin/../lib/gcc/arm-none-eabi/13.3.1/../../../../arm-none-eabi/lib/thumb/v7-m/nofp/libc_nano.a(libc_a-findfp.o) (_fwalk_sglue)
/opt/st/stm32cubeide_1.18.1/plugins/com.st.stm32cube.ide.mcu.externaltools.gnu-tools-for-stm32.13.3.rel1.linux64_1.0.0.202410170706/tools/bin/../lib/gcc/arm-none-eabi/13.3.1/../../../../arm-none-eabi/lib/thumb/v7-m/nofp/libc_nano.a(libc_a-stdio.o)
                              /opt/st/stm32cubeide_1.18.1/plugins/com.st.stm32cube.ide.mcu.externaltools.gnu-tools-for-stm32.13.3.rel1.linux64_1.0.0.202410170706/tools/bin/../lib/gcc/arm-none-eabi/13.3.1/../../../../arm-none-eabi/lib/thumb/v7-m/nofp/libc_nano.a(libc_a-findfp.o) (__sread)
/opt/st/stm32cubeide_1.18.1/plugins/com.st.stm32cube.ide.mcu.externaltools.gnu-tools-for-stm32.13.3.rel1.linux64_1.0.0.202410170706/tools/bin/../lib/gcc/arm-none-eabi/13.3.1/../../../../arm-none-eabi/lib/thumb/v7-m/nofp/libc_nano.a(libc_a-memset.o)
                              /opt/st/stm32cubeide_1.18.1/plugins/com.st.stm32cube.ide.mcu.externaltools.gnu-tools-for-stm32.13.3.rel1.linux64_1.0.0.202410170706/tools/bin/../lib/gcc/arm-none-eabi/13.3.1/../../../../arm-none-eabi/lib/thumb/v7-m/nofp/crt0.o (memset)
/opt/st/stm32cubeide_1.18.1/plugins/com.st.stm32cube.ide.mcu.externaltools.gnu-tools-for-stm32.13.3.rel1.linux64_1.0.0.202410170706/tools/bin/../lib/gcc/arm-none-eabi/13.3.1/../../../../arm-none-eabi/lib/thumb/v7-m/nofp/libc_nano.a(libc_a-closer.o)
                              /opt/st/stm32cubeide_1.18.1/plugins/com.st.stm32cube.ide.mcu.externaltools.gnu-tools-for-stm32.13.3.rel1.linux64_1.0.0.202410170706/tools/bin/../lib/gcc/arm-none-eabi/13.3.1/../../../../arm-none-eabi/lib/thumb/v7-m/nofp/libc_nano.a(libc_a-stdio.o) (_close_r)
/opt/st/stm32cubeide_1.18.1/plugins/com.st.stm32cube.ide.mcu.externaltools.gnu-tools-for-stm32.13.3.rel1.linux64_1.0.0.202410170706/tools/bin/../lib/gcc/arm-none-eabi/13.3.1/../../../../arm-none-eabi/lib/thumb/v7-m/nofp/libc_nano.a(libc_a-reent.o)
                              /opt/st/stm32cubeide_1.18.1/plugins/com.st.stm32cube.ide.mcu.externaltools.gnu-tools-for-stm32.13.3.rel1.linux64_1.0.0.202410170706/tools/bin/../lib/gcc/arm-none-eabi/13.3.1/../../../../arm-none-eabi/lib/thumb/v7-m/nofp/libc_nano.a(libc_a-closer.o) (errno)
/opt/st/stm32cubeide_1.18.1/plugins/com.st.stm32cube.ide.mcu.externaltools.gnu-tools-for-stm32.13.3.rel1.linux64_1.0.0.202410170706/tools/bin/../lib/gcc/arm-none-eabi/13.3.1/../../../../arm-none-eabi/lib/thumb/v7-m/nofp/libc_nano.a(libc_a-impure.o)
                              /opt/st/stm32cubeide_1.18.1/plugins/com.st.stm32cube.ide.mcu.externaltools.gnu-tools-for-stm32.13.3.rel1.linux64_1.0.0.202410170706/tools/bin/../lib/gcc/arm-none-eabi/13.3.1/../../../../arm-none-eabi/lib/thumb/v7-m/nofp/libc_nano.a(libc_a-reent.o) (_impure_ptr)
/opt/st/stm32cubeide_1.18.1/plugins/com.st.stm32cube.ide.mcu.externaltools.gnu-tools-for-stm32.13.3.rel1.linux64_1.0.0.202410170706/tools/bin/../lib/gcc/arm-none-eabi/13.3.1/../../../../arm-none-eabi/lib/thumb/v7-m/nofp/libc_nano.a(libc_a-lseekr.o)
                              /opt/st/stm32cubeide_1.18.1/plugins/com.st.stm32cube.ide.mcu.externaltools.gnu-tools-for-stm32.13.3.rel1.linux64_1.0.0.202410170706/tools/bin/../lib/gcc/arm-none-eabi/13.3.1/../../../../arm-none-eabi/lib/thumb/v7-m/nofp/libc_nano.a(libc_a-stdio.o) (_lseek_r)
[...]
Memory Configuration

Name             Origin             Length             Attributes
RAM              0x20000000         0x00005000         xrw
FLASH            0x08000000         0x00010000         xr
*default*        0x00000000         0xffffffff

Linker script and memory map

LOAD /opt/st/stm32cubeide_1.18.1/plugins/com.st.stm32cube.ide.mcu.externaltools.gnu-tools-for-stm32.13.3.rel1.linux64_1.0.0.202410170706/tools/bin/../lib/gcc/arm-none-eabi/13.3.1/thumb/v7-m/nofp/crti.o
LOAD /opt/st/stm32cubeide_1.18.1/plugins/com.st.stm32cube.ide.mcu.externaltools.gnu-tools-for-stm32.13.3.rel1.linux64_1.0.0.202410170706/tools/bin/../lib/gcc/arm-none-eabi/13.3.1/thumb/v7-m/nofp/crtbegin.o
LOAD /opt/st/stm32cubeide_1.18.1/plugins/com.st.stm32cube.ide.mcu.externaltools.gnu-tools-for-stm32.13.3.rel1.linux64_1.0.0.202410170706/tools/bin/../lib/gcc/arm-none-eabi/13.3.1/../../../../arm-none-eabi/lib/thumb/v7-m/nofp/crt0.o
LOAD ./Core/Src/PIDFF.o
LOAD ./Core/Src/adcchannel.o
LOAD ./Core/Src/dsens.o
LOAD ./Core/Src/encoders.o
LOAD ./Core/Src/led.o
LOAD ./Core/Src/main.o
LOAD ./Core/Src/motor.o
LOAD ./Core/Src/stm32f1xx_hal_msp.o
LOAD ./Core/Src/stm32f1xx_it.o
LOAD ./Core/Src/syscalls.o
LOAD ./Core/Src/sysmem.o
LOAD ./Core/Src/system_stm32f1xx.o
LOAD ./Core/Src/vsens.o
LOAD ./Core/Startup/startup_stm32f103c8tx.o
LOAD ./Drivers/STM32F1xx_HAL_Driver/Src/stm32f1xx_hal.o
LOAD ./Drivers/STM32F1xx_HAL_Driver/Src/stm32f1xx_hal_adc.o
LOAD ./Drivers/STM32F1xx_HAL_Driver/Src/stm32f1xx_hal_adc_ex.o
LOAD ./Drivers/STM32F1xx_HAL_Driver/Src/stm32f1xx_hal_cortex.o
LOAD ./Drivers/STM32F1xx_HAL_Driver/Src/stm32f1xx_hal_dma.o
LOAD ./Drivers/STM32F1xx_HAL_Driver/Src/stm32f1xx_hal_exti.o
LOAD ./Drivers/STM32F1xx_HAL_Driver/Src/stm32f1xx_hal_flash.o
LOAD ./Drivers/STM32F1xx_HAL_Driver/Src/stm32f1xx_hal_flash_ex.o
LOAD ./Drivers/STM32F1xx_HAL_Driver/Src/stm32f1xx_hal_gpio.o
LOAD ./Drivers/STM32F1xx_HAL_Driver/Src/stm32f1xx_hal_gpio_ex.o
LOAD ./Drivers/STM32F1xx_HAL_Driver/Src/stm32f1xx_hal_pwr.o
LOAD ./Drivers/STM32F1xx_HAL_Driver/Src/stm32f1xx_hal_rcc.o
LOAD ./Drivers/STM32F1xx_HAL_Driver/Src/stm32f1xx_hal_rcc_ex.o
LOAD ./Drivers/STM32F1xx_HAL_Driver/Src/stm32f1xx_hal_tim.o
LOAD ./Drivers/STM32F1xx_HAL_Driver/Src/stm32f1xx_hal_tim_ex.o
START GROUP
LOAD /opt/st/stm32cubeide_1.18.1/plugins/com.st.stm32cube.ide.mcu.externaltools.gnu-tools-for-stm32.13.3.rel1.linux64_1.0.0.202410170706/tools/bin/../lib/gcc/arm-none-eabi/13.3.1/../../../../arm-none-eabi/lib/thumb/v7-m/nofp/libstdc++_nano.a
LOAD /opt/st/stm32cubeide_1.18.1/plugins/com.st.stm32cube.ide.mcu.externaltools.gnu-tools-for-stm32.13.3.rel1.linux64_1.0.0.202410170706/tools/bin/../lib/gcc/arm-none-eabi/13.3.1/../../../../arm-none-eabi/lib/thumb/v7-m/nofp/libsupc++_nano.a
END GROUP
LOAD /opt/st/stm32cubeide_1.18.1/plugins/com.st.stm32cube.ide.mcu.externaltools.gnu-tools-for-stm32.13.3.rel1.linux64_1.0.0.202410170706/tools/bin/../lib/gcc/arm-none-eabi/13.3.1/../../../../arm-none-eabi/lib/thumb/v7-m/nofp/libstdc++_nano.a
LOAD /opt/st/stm32cubeide_1.18.1/plugins/com.st.stm32cube.ide.mcu.externaltools.gnu-tools-for-stm32.13.3.rel1.linux64_1.0.0.202410170706/tools/bin/../lib/gcc/arm-none-eabi/13.3.1/../../../../arm-none-eabi/lib/thumb/v7-m/nofp/libm.a
LOAD /opt/st/stm32cubeide_1.18.1/plugins/com.st.stm32cube.ide.mcu.externaltools.gnu-tools-for-stm32.13.3.rel1.linux64_1.0.0.202410170706/tools/bin/../lib/gcc/arm-none-eabi/13.3.1/../../../../arm-none-eabi/lib/thumb/v7-m/nofp/libc_nano.a
START GROUP
LOAD /opt/st/stm32cubeide_1.18.1/plugins/com.st.stm32cube.ide.mcu.externaltools.gnu-tools-for-stm32.13.3.rel1.linux64_1.0.0.202410170706/tools/bin/../lib/gcc/arm-none-eabi/13.3.1/thumb/v7-m/nofp/libgcc.a
LOAD /opt/st/stm32cubeide_1.18.1/plugins/com.st.stm32cube.ide.mcu.externaltools.gnu-tools-for-stm32.13.3.rel1.linux64_1.0.0.202410170706/tools/bin/../lib/gcc/arm-none-eabi/13.3.1/../../../../arm-none-eabi/lib/thumb/v7-m/nofp/libc_nano.a
END GROUP
START GROUP
LOAD /opt/st/stm32cubeide_1.18.1/plugins/com.st.stm32cube.ide.mcu.externaltools.gnu-tools-for-stm32.13.3.rel1.linux64_1.0.0.202410170706/tools/bin/../lib/gcc/arm-none-eabi/13.3.1/thumb/v7-m/nofp/libgcc.a
LOAD /opt/st/stm32cubeide_1.18.1/plugins/com.st.stm32cube.ide.mcu.externaltools.gnu-tools-for-stm32.13.3.rel1.linux64_1.0.0.202410170706/tools/bin/../lib/gcc/arm-none-eabi/13.3.1/../../../../arm-none-eabi/lib/thumb/v7-m/nofp/libc_nano.a
END GROUP
LOAD /opt/st/stm32cubeide_1.18.1/plugins/com.st.stm32cube.ide.mcu.externaltools.gnu-tools-for-stm32.13.3.rel1.linux64_1.0.0.202410170706/tools/bin/../lib/gcc/arm-none-eabi/13.3.1/thumb/v7-m/nofp/crtend.o
LOAD /opt/st/stm32cubeide_1.18.1/plugins/com.st.stm32cube.ide.mcu.externaltools.gnu-tools-for-stm32.13.3.rel1.linux64_1.0.0.202410170706/tools/bin/../lib/gcc/arm-none-eabi/13.3.1/thumb/v7-m/nofp/crtn.o
                0x20005000                        _estack = (ORIGIN (RAM) + LENGTH (RAM))
                0x00000200                        _Min_Heap_Size = 0x200
                0x00000400                        _Min_Stack_Size = 0x400

.isr_vector     0x08000000      0x10c
                0x08000000                        . = ALIGN (0x4)
 *(.isr_vector)
 .isr_vector    0x08000000      0x10c ./Core/Startup/startup_stm32f103c8tx.o
                0x08000000                g_pfnVectors
                0x0800010c                        . = ALIGN (0x4)

.text           0x08000110     0x4be0
                0x08000110                        . = ALIGN (0x4)
 *(.text)
 .text          0x08000110       0x40 /opt/st/stm32cubeide_1.18.1/plugins/com.st.stm32cube.ide.mcu.externaltools.gnu-tools-for-stm32.13.3.rel1.linux64_1.0.0.202410170706/tools/bin/../lib/gcc/arm-none-eabi/13.3.1/thumb/v7-m/nofp/crtbegin.o
 .text          0x08000150      0x254 /opt/st/stm32cubeide_1.18.1/plugins/com.st.stm32cube.ide.mcu.externaltools.gnu-tools-for-stm32.13.3.rel1.linux64_1.0.0.202410170706/tools/bin/../lib/gcc/arm-none-eabi/13.3.1/thumb/v7-m/nofp/libgcc.a(_arm_muldf3.o)
                0x08000150                __aeabi_dmul
                0x08000150                __muldf3
 .text          0x080003a4      0x378 /opt/st/stm32cubeide_1.18.1/plugins/com.st.stm32cube.ide.mcu.externaltools.gnu-tools-for-stm32.13.3.rel1.linux64_1.0.0.202410170706/tools/bin/../lib/gcc/arm-none-eabi/13.3.1/thumb/v7-m/nofp/libgcc.a(_arm_addsubdf3.o)
                0x080003a4                __aeabi_drsub
                0x080003ac                __aeabi_dsub
                0x080003ac                __subdf3
                0x080003b0                __adddf3
                0x080003b0                __aeabi_dadd
                0x08000628                __aeabi_ui2d
                0x08000628                __floatunsidf
                0x08000648                __floatsidf
                0x08000648                __aeabi_i2d
                0x0800066c                __extendsfdf2
                0x0800066c                __aeabi_f2d
                0x080006b0                __aeabi_ul2d
                0x080006b0                __floatundidf
                0x080006c0                __floatdidf
                0x080006c0                __aeabi_l2d
 .text          0x0800071c      0x110 /opt/st/stm32cubeide_1.18.1/plugins/com.st.stm32cube.ide.mcu.externaltools.gnu-tools-for-stm32.13.3.rel1.linux64_1.0.0.202410170706/tools/bin/../lib/gcc/arm-none-eabi/13.3.1/thumb/v7-m/nofp/libgcc.a(_arm_cmpdf2.o)
                0x0800071c                __gtdf2
                0x0800071c                __gedf2
                0x08000724                __ltdf2
                0x08000724                __ledf2
                0x0800072c                __cmpdf2
                0x0800072c                __eqdf2
                0x0800072c                __nedf2
                0x080007a8                __aeabi_cdrcmple
                0x080007b8                __aeabi_cdcmple
                0x080007b8                __aeabi_cdcmpeq
                0x080007c8                __aeabi_dcmpeq
                0x080007dc                __aeabi_dcmplt
                0x080007f0                __aeabi_dcmple
                0x08000804                __aeabi_dcmpge
                0x08000818                __aeabi_dcmpgt
 .text          0x0800082c       0xa0 /opt/st/stm32cubeide_1.18.1/plugins/com.st.stm32cube.ide.mcu.externaltools.gnu-tools-for-stm32.13.3.rel1.linux64_1.0.0.202410170706/tools/bin/../lib/gcc/arm-none-eabi/13.3.1/thumb/v7-m/nofp/libgcc.a(_arm_truncdfsf2.o)
                0x0800082c                __aeabi_d2f
                0x0800082c                __truncdfsf2
 .text          0x080008cc      0x21c /opt/st/stm32cubeide_1.18.1/plugins/com.st.stm32cube.ide.mcu.externaltools.gnu-tools-for-stm32.13.3.rel1.linux64_1.0.0.202410170706/tools/bin/../lib/gcc/arm-none-eabi/13.3.1/thumb/v7-m/nofp/libgcc.a(_arm_addsubsf3.o)
                0x080008cc                __aeabi_frsub
                0x080008d4                __subsf3
                0x080008d4                __aeabi_fsub
                0x080008d8                __aeabi_fadd
                0x080008d8                __addsf3
                0x08000a38                __aeabi_ui2f
                0x08000a38                __floatunsisf
                0x08000a40                __aeabi_i2f
                0x08000a40                __floatsisf
                0x08000a5c                __floatundisf
                0x08000a5c                __aeabi_ul2f
                0x08000a6c                __floatdisf
                0x08000a6c                __aeabi_l2f
 .text          0x08000ae8      0x2a0 /opt/st/stm32cubeide_1.18.1/plugins/com.st.stm32cube.ide.mcu.externaltools.gnu-tools-for-stm32.13.3.rel1.linux64_1.0.0.202410170706/tools/bin/../lib/gcc/arm-none-eabi/13.3.1/thumb/v7-m/nofp/libgcc.a(_arm_muldivsf3.o)
                0x08000ae8                __mulsf3
                0x08000ae8                __aeabi_fmul
                0x08000c50                __divsf3
                0x08000c50                __aeabi_fdiv
 .text          0x08000d88       0xec /opt/st/stm32cubeide_1.18.1/plugins/com.st.stm32cube.ide.mcu.externaltools.gnu-tools-for-stm32.13.3.rel1.linux64_1.0.0.202410170706/tools/bin/../lib/gcc/arm-none-eabi/13.3.1/thumb/v7-m/nofp/libgcc.a(_arm_cmpsf2.o)
                0x08000d88                __gtsf2
                0x08000d88                __gesf2
                0x08000d90                __lesf2
                0x08000d90                __ltsf2
                0x08000d98                __nesf2
                0x08000d98                __eqsf2
                0x08000d98                __cmpsf2
                0x08000df8                __aeabi_cfrcmple
                0x08000e00                __aeabi_cfcmple
                0x08000e00                __aeabi_cfcmpeq
                0x08000e10                __aeabi_fcmpeq
                0x08000e24                __aeabi_fcmplt
                0x08000e38                __aeabi_fcmple
                0x08000e4c                __aeabi_fcmpge
                0x08000e60                __aeabi_fcmpgt
 .text          0x08000e74       0x4c /opt/st/stm32cubeide_1.18.1/plugins/com.st.stm32cube.ide.mcu.externaltools.gnu-tools-for-stm32.13.3.rel1.linux64_1.0.0.202410170706/tools/bin/../lib/gcc/arm-none-eabi/13.3.1/thumb/v7-m/nofp/libgcc.a(_arm_fixsfsi.o)
                0x08000e74                __fixsfsi
                0x08000e74                __aeabi_f2iz
 *(.text*)
 .text._ZN10ADCChannelC2EP19__ADC_HandleTypeDefm
                0x08000ec0       0x42 ./Core/Src/adcchannel.o
                0x08000ec0                ADCChannel::ADCChannel(__ADC_HandleTypeDef*, unsigned long)
                0x08000ec0                ADCChannel::ADCChannel(__ADC_HandleTypeDef*, unsigned long)
 .text._ZN10ADCChannel6enableEv
                0x08000f02       0x3a ./Core/Src/adcchannel.o
                0x08000f02                ADCChannel::enable()
 .text._ZN10ADCChannel4initEv
                0x08000f3c       0x40 ./Core/Src/adcchannel.o
                0x08000f3c                ADCChannel::init()
 .text._ZN10ADCChannel4pollEv
                0x08000f7c       0x64 ./Core/Src/adcchannel.o
                0x08000f7c                ADCChannel::poll()
 .text._ZN10ADCChannel6getRawEv
                0x08000fe0       0x16 ./Core/Src/adcchannel.o
                0x08000fe0                ADCChannel::getRaw()
 .text._ZN5DSensC2EP12GPIO_TypeDeftP19__ADC_HandleTypeDefmff
                0x08000ff6       0x44 ./Core/Src/dsens.o
                0x08000ff6                DSens::DSens(GPIO_TypeDef*, unsigned short, __ADC_HandleTypeDef*, unsigned long, float, float)
                0x08000ff6                DSens::DSens(GPIO_TypeDef*, unsigned short, __ADC_HandleTypeDef*, unsigned long, float, float)
 .text._ZN5DSens10updateSensEv
                0x0800103a       0x54 ./Core/Src/dsens.o
                0x0800103a                DSens::updateSens()
 .text._ZN5DSens7getDistEv
                0x0800108e       0x42 ./Core/Src/dsens.o
                0x0800108e                DSens::getDist()
 .text._ZN7EncoderC2EP17TIM_HandleTypeDefbf
                0x080010d0       0x42 ./Core/Src/encoders.o
                0x080010d0                Encoder::Encoder(TIM_HandleTypeDef*, bool, float)
                0x080010d0                Encoder::Encoder(TIM_HandleTypeDef*, bool, float)
 .text._ZN7Encoder4initEv
                0x08001112       0x1c ./Core/Src/encoders.o
                0x08001112                Encoder::init()
 .text._ZN7Encoder8callbackEP17TIM_HandleTypeDefm
                0x0800112e       0x72 ./Core/Src/encoders.o
                0x0800112e                Encoder::callback(TIM_HandleTypeDef*, unsigned long)
 .text._ZN7Encoder17getPositionMetersEv
                0x080011a0       0x38 ./Core/Src/encoders.o
                0x080011a0                Encoder::getPositionMeters()
 .text.HAL_TIM_IC_CaptureCallback
                0x080011d8       0x34 ./Core/Src/main.o
                0x080011d8                HAL_TIM_IC_CaptureCallback
 .text.main     0x0800120c      0x130 ./Core/Src/main.o
                0x0800120c                main
 .text._Z18SystemClock_Configv
                0x0800133c       0xd4 ./Core/Src/main.o
                0x0800133c                SystemClock_Config()
 .text._ZL12MX_ADC1_Initv
                0x08001410       0x58 ./Core/Src/main.o
 .text._ZL12MX_TIM2_Initv
                0x08001468      0x140 ./Core/Src/main.o
 .text._ZL12MX_TIM3_Initv
                0x080015a8       0xbc ./Core/Src/main.o
 .text._ZL12MX_TIM4_Initv
                0x08001664       0xbc ./Core/Src/main.o
 .text._ZL12MX_GPIO_Initv
                0x08001720      0x15c ./Core/Src/main.o
 .text.Error_Handler
                0x0800187c        0xc ./Core/Src/main.o
                0x0800187c                Error_Handler
 .text._Z41__static_initialization_and_destruction_0v
                0x08001888      0x138 ./Core/Src/main.o
 .text._GLOBAL__sub_I_hadc1
                0x080019c0        0xa ./Core/Src/main.o
 .text._ZN5MotorC2EP12GPIO_TypeDefS1_ttPVmP17TIM_HandleTypeDefmb
                0x080019ca       0x4c ./Core/Src/motor.o
                0x080019ca                Motor::Motor(GPIO_TypeDef*, GPIO_TypeDef*, unsigned short, unsigned short, unsigned long volatile*, TIM_HandleTypeDef*, unsigned long, bool)
                0x080019ca                Motor::Motor(GPIO_TypeDef*, GPIO_TypeDef*, unsigned short, unsigned short, unsigned long volatile*, TIM_HandleTypeDef*, unsigned long, bool)
 .text._ZN5Motor4initEv
                0x08001a16       0x20 ./Core/Src/motor.o
                0x08001a16                Motor::init()
 .text._ZN5Motor17setDriveDirectionE14DriveDirection
                0x08001a36       0x96 ./Core/Src/motor.o
                0x08001a36                Motor::setDriveDirection(DriveDirection)
 *fill*         0x08001acc        0x4 
 .text._ZN5Motor17setDriveDutyCycleEf
                0x08001ad0       0x74 ./Core/Src/motor.o
                0x08001ad0                Motor::setDriveDutyCycle(float)
 .text._ZN5Motor3setEf
                0x08001b44       0x7e ./Core/Src/motor.o
                0x08001b44                Motor::set(float)
 *fill*         0x08001bc2        0x2 
 .text.HAL_MspInit
                0x08001bc4       0x64 ./Core/Src/stm32f1xx_hal_msp.o
                0x08001bc4                HAL_MspInit
 .text.HAL_ADC_MspInit
                0x08001c28       0xa8 ./Core/Src/stm32f1xx_hal_msp.o
                0x08001c28                HAL_ADC_MspInit
 .text.HAL_TIM_Base_MspInit
                0x08001cd0       0x38 ./Core/Src/stm32f1xx_hal_msp.o
                0x08001cd0                HAL_TIM_Base_MspInit
 .text.HAL_TIM_Encoder_MspInit
                0x08001d08       0xf8 ./Core/Src/stm32f1xx_hal_msp.o
                0x08001d08                HAL_TIM_Encoder_MspInit
 .text.HAL_TIM_MspPostInit
                0x08001e00       0x60 ./Core/Src/stm32f1xx_hal_msp.o
                0x08001e00                HAL_TIM_MspPostInit
 .text.NMI_Handler
                0x08001e60        0x8 ./Core/Src/stm32f1xx_it.o
                0x08001e60                NMI_Handler
 .text.HardFault_Handler
                0x08001e68        0x8 ./Core/Src/stm32f1xx_it.o
                0x08001e68                HardFault_Handler
 .text.MemManage_Handler
                0x08001e70        0x8 ./Core/Src/stm32f1xx_it.o
                0x08001e70                MemManage_Handler
 .text.BusFault_Handler
                0x08001e78        0x8 ./Core/Src/stm32f1xx_it.o
                0x08001e78                BusFault_Handler
 .text.UsageFault_Handler
                0x08001e80        0x8 ./Core/Src/stm32f1xx_it.o
                0x08001e80                UsageFault_Handler
 .text.SVC_Handler
                0x08001e88        0xc ./Core/Src/stm32f1xx_it.o
                0x08001e88                SVC_Handler
 .text.DebugMon_Handler
                0x08001e94        0xc ./Core/Src/stm32f1xx_it.o
                0x08001e94                DebugMon_Handler
 .text.PendSV_Handler
                0x08001ea0        0xc ./Core/Src/stm32f1xx_it.o
                0x08001ea0                PendSV_Handler
 .text.SysTick_Handler
                0x08001eac        0xc ./Core/Src/stm32f1xx_it.o
                0x08001eac                SysTick_Handler
 .text.TIM3_IRQHandler
                0x08001eb8       0x14 ./Core/Src/stm32f1xx_it.o
                0x08001eb8                TIM3_IRQHandler
 .text.TIM4_IRQHandler
                0x08001ecc       0x14 ./Core/Src/stm32f1xx_it.o
                0x08001ecc                TIM4_IRQHandler
 .text.SystemInit
                0x08001ee0        0xc ./Core/Src/system_stm32f1xx.o
                0x08001ee0                SystemInit
 .text._ZN5VSensC2EP19__ADC_HandleTypeDefm
                0x08001eec       0x28 ./Core/Src/vsens.o
                0x08001eec                VSens::VSens(__ADC_HandleTypeDef*, unsigned long)
                0x08001eec                VSens::VSens(__ADC_HandleTypeDef*, unsigned long)
 *fill*         0x08001f14        0x4 
 .text._ZN5VSens8getVoltsEv
                0x08001f18       0x6c ./Core/Src/vsens.o
                0x08001f18                VSens::getVolts()
 .text._ZN5VSens11getCompMultEv
                0x08001f84       0x30 ./Core/Src/vsens.o
                0x08001f84                VSens::getCompMult()
 .text.Reset_Handler
                0x08001fb4       0x48 ./Core/Startup/startup_stm32f103c8tx.o
                0x08001fb4                Reset_Handler
 .text.Default_Handler
                0x08001ffc        0x2 ./Core/Startup/startup_stm32f103c8tx.o
                0x08001ffc                RTC_Alarm_IRQHandler
                0x08001ffc                EXTI2_IRQHandler
                0x08001ffc                TIM1_CC_IRQHandler
                0x08001ffc                PVD_IRQHandler
                0x08001ffc                EXTI3_IRQHandler
                0x08001ffc                EXTI0_IRQHandler
                0x08001ffc                I2C2_EV_IRQHandler
                0x08001ffc                ADC1_2_IRQHandler
                0x08001ffc                SPI1_IRQHandler
                0x08001ffc                TAMPER_IRQHandler
                0x08001ffc                DMA1_Channel4_IRQHandler
                0x08001ffc                USART3_IRQHandler
                0x08001ffc                RTC_IRQHandler
                0x08001ffc                DMA1_Channel7_IRQHandler
                0x08001ffc                CAN1_RX1_IRQHandler
                0x08001ffc                I2C1_EV_IRQHandler
                0x08001ffc                DMA1_Channel6_IRQHandler
                0x08001ffc                RCC_IRQHandler
                0x08001ffc                TIM1_TRG_COM_IRQHandler
                0x08001ffc                DMA1_Channel1_IRQHandler
                0x08001ffc                Default_Handler
                0x08001ffc                EXTI15_10_IRQHandler
                0x08001ffc                EXTI9_5_IRQHandler
                0x08001ffc                SPI2_IRQHandler
                0x08001ffc                DMA1_Channel5_IRQHandler
                0x08001ffc                EXTI4_IRQHandler
                0x08001ffc                USB_LP_CAN1_RX0_IRQHandler
                0x08001ffc                USB_HP_CAN1_TX_IRQHandler
                0x08001ffc                DMA1_Channel3_IRQHandler
                0x08001ffc                TIM1_UP_IRQHandler
                0x08001ffc                WWDG_IRQHandler
                0x08001ffc                TIM2_IRQHandler
                0x08001ffc                TIM1_BRK_IRQHandler
                0x08001ffc                EXTI1_IRQHandler
                0x08001ffc                USART2_IRQHandler
                0x08001ffc                I2C2_ER_IRQHandler
                0x08001ffc                DMA1_Channel2_IRQHandler
                0x08001ffc                CAN1_SCE_IRQHandler
                0x08001ffc                FLASH_IRQHandler
                0x08001ffc                USART1_IRQHandler
                0x08001ffc                I2C1_ER_IRQHandler
                0x08001ffc                USBWakeUp_IRQHandler
 *fill*         0x08001ffe        0x2 
 .text.HAL_Init
                0x08002000       0x2c ./Drivers/STM32F1xx_HAL_Driver/Src/stm32f1xx_hal.o
                0x08002000                HAL_Init
 .text.HAL_InitTick
                0x0800202c       0x60 ./Drivers/STM32F1xx_HAL_Driver/Src/stm32f1xx_hal.o
                0x0800202c                HAL_InitTick
 .text.HAL_IncTick
                0x0800208c       0x24 ./Drivers/STM32F1xx_HAL_Driver/Src/stm32f1xx_hal.o
                0x0800208c                HAL_IncTick
 .text.HAL_GetTick
                0x080020b0       0x14 ./Drivers/STM32F1xx_HAL_Driver/Src/stm32f1xx_hal.o
                0x080020b0                HAL_GetTick
 .text.HAL_Delay
                0x080020c4       0x48 ./Drivers/STM32F1xx_HAL_Driver/Src/stm32f1xx_hal.o
                0x080020c4                HAL_Delay
 .text.HAL_ADC_Init
                0x0800210c      0x1b0 ./Drivers/STM32F1xx_HAL_Driver/Src/stm32f1xx_hal_adc.o
                0x0800210c                HAL_ADC_Init
 .text.HAL_ADC_Start
                0x080022bc      0x15c ./Drivers/STM32F1xx_HAL_Driver/Src/stm32f1xx_hal_adc.o
                0x080022bc                HAL_ADC_Start
 .text.HAL_ADC_Stop
                0x08002418       0x58 ./Drivers/STM32F1xx_HAL_Driver/Src/stm32f1xx_hal_adc.o
                0x08002418                HAL_ADC_Stop
 .text.HAL_ADC_PollForConversion
                0x08002470      0x20c ./Drivers/STM32F1xx_HAL_Driver/Src/stm32f1xx_hal_adc.o
                0x08002470                HAL_ADC_PollForConversion
 .text.HAL_ADC_GetValue
                0x0800267c       0x18 ./Drivers/STM32F1xx_HAL_Driver/Src/stm32f1xx_hal_adc.o
                0x0800267c                HAL_ADC_GetValue
 .text.HAL_ADC_ConfigChannel
                0x08002694      0x1f0 ./Drivers/STM32F1xx_HAL_Driver/Src/stm32f1xx_hal_adc.o
                0x08002694                HAL_ADC_ConfigChannel
 .text.ADC_Enable
                0x08002884       0xb4 ./Drivers/STM32F1xx_HAL_Driver/Src/stm32f1xx_hal_adc.o
                0x08002884                ADC_Enable
 .text.ADC_ConversionStop_Disable
                0x08002938       0x82 ./Drivers/STM32F1xx_HAL_Driver/Src/stm32f1xx_hal_adc.o
                0x08002938                ADC_ConversionStop_Disable
 *fill*         0x080029ba        0x2 
 .text.HAL_ADCEx_Calibration_Start
                0x080029bc      0x15c ./Drivers/STM32F1xx_HAL_Driver/Src/stm32f1xx_hal_adc_ex.o
                0x080029bc                HAL_ADCEx_Calibration_Start
 .text.__NVIC_SetPriorityGrouping
                0x08002b18       0x48 ./Drivers/STM32F1xx_HAL_Driver/Src/stm32f1xx_hal_cortex.o
 .text.__NVIC_GetPriorityGrouping
                0x08002b60       0x1c ./Drivers/STM32F1xx_HAL_Driver/Src/stm32f1xx_hal_cortex.o
 .text.__NVIC_EnableIRQ
                0x08002b7c       0x38 ./Drivers/STM32F1xx_HAL_Driver/Src/stm32f1xx_hal_cortex.o
 .text.__NVIC_SetPriority
                0x08002bb4       0x54 ./Drivers/STM32F1xx_HAL_Driver/Src/stm32f1xx_hal_cortex.o
 .text.NVIC_EncodePriority
                0x08002c08       0x64 ./Drivers/STM32F1xx_HAL_Driver/Src/stm32f1xx_hal_cortex.o
 .text.SysTick_Config
                0x08002c6c       0x44 ./Drivers/STM32F1xx_HAL_Driver/Src/stm32f1xx_hal_cortex.o
 .text.HAL_NVIC_SetPriorityGrouping
                0x08002cb0       0x16 ./Drivers/STM32F1xx_HAL_Driver/Src/stm32f1xx_hal_cortex.o
                0x08002cb0                HAL_NVIC_SetPriorityGrouping
 .text.HAL_NVIC_SetPriority
                0x08002cc6       0x38 ./Drivers/STM32F1xx_HAL_Driver/Src/stm32f1xx_hal_cortex.o
                0x08002cc6                HAL_NVIC_SetPriority
 .text.HAL_NVIC_EnableIRQ
                0x08002cfe       0x1c ./Drivers/STM32F1xx_HAL_Driver/Src/stm32f1xx_hal_cortex.o
                0x08002cfe                HAL_NVIC_EnableIRQ
 .text.HAL_SYSTICK_Config
                0x08002d1a       0x18 ./Drivers/STM32F1xx_HAL_Driver/Src/stm32f1xx_hal_cortex.o
                0x08002d1a                HAL_SYSTICK_Config
 *fill*         0x08002d32        0x2 
 .text.HAL_GPIO_Init
                0x08002d34      0x308 ./Drivers/STM32F1xx_HAL_Driver/Src/stm32f1xx_hal_gpio.o
                0x08002d34                HAL_GPIO_Init
 .text.HAL_GPIO_WritePin
                0x0800303c       0x30 ./Drivers/STM32F1xx_HAL_Driver/Src/stm32f1xx_hal_gpio.o
                0x0800303c                HAL_GPIO_WritePin
 .text.HAL_RCC_OscConfig
                0x0800306c      0x504 ./Drivers/STM32F1xx_HAL_Driver/Src/stm32f1xx_hal_rcc.o
                0x0800306c                HAL_RCC_OscConfig
 .text.HAL_RCC_ClockConfig
                0x08003570      0x1d4 ./Drivers/STM32F1xx_HAL_Driver/Src/stm32f1xx_hal_rcc.o
                0x08003570                HAL_RCC_ClockConfig
 .text.HAL_RCC_GetSysClockFreq
                0x08003744       0xa8 ./Drivers/STM32F1xx_HAL_Driver/Src/stm32f1xx_hal_rcc.o
                0x08003744                HAL_RCC_GetSysClockFreq
 .text.HAL_RCC_GetHCLKFreq
                0x080037ec       0x14 ./Drivers/STM32F1xx_HAL_Driver/Src/stm32f1xx_hal_rcc.o
                0x080037ec                HAL_RCC_GetHCLKFreq
 .text.HAL_RCC_GetPCLK2Freq
                0x08003800       0x28 ./Drivers/STM32F1xx_HAL_Driver/Src/stm32f1xx_hal_rcc.o
                0x08003800                HAL_RCC_GetPCLK2Freq
 .text.RCC_Delay
                0x08003828       0x3c ./Drivers/STM32F1xx_HAL_Driver/Src/stm32f1xx_hal_rcc.o
 .text.HAL_RCCEx_PeriphCLKConfig
                0x08003864      0x16c ./Drivers/STM32F1xx_HAL_Driver/Src/stm32f1xx_hal_rcc_ex.o
                0x08003864                HAL_RCCEx_PeriphCLKConfig
 .text.HAL_RCCEx_GetPeriphCLKFreq
                0x080039d0      0x16c ./Drivers/STM32F1xx_HAL_Driver/Src/stm32f1xx_hal_rcc_ex.o
                0x080039d0                HAL_RCCEx_GetPeriphCLKFreq
 .text.HAL_TIM_Base_Init
                0x08003b3c       0x9e ./Drivers/STM32F1xx_HAL_Driver/Src/stm32f1xx_hal_tim.o
                0x08003b3c                HAL_TIM_Base_Init
 *fill*         0x08003bda        0x2 
 .text.HAL_TIM_Base_Start
                0x08003bdc       0x94 ./Drivers/STM32F1xx_HAL_Driver/Src/stm32f1xx_hal_tim.o
                0x08003bdc                HAL_TIM_Base_Start
 .text.HAL_TIM_PWM_Init
                0x08003c70       0x9e ./Drivers/STM32F1xx_HAL_Driver/Src/stm32f1xx_hal_tim.o
                0x08003c70                HAL_TIM_PWM_Init
 .text.HAL_TIM_PWM_MspInit
                0x08003d0e       0x12 ./Drivers/STM32F1xx_HAL_Driver/Src/stm32f1xx_hal_tim.o
                0x08003d0e                HAL_TIM_PWM_MspInit
 .text.HAL_TIM_PWM_Start
                0x08003d20      0x144 ./Drivers/STM32F1xx_HAL_Driver/Src/stm32f1xx_hal_tim.o
                0x08003d20                HAL_TIM_PWM_Start
 .text.HAL_TIM_Encoder_Init
                0x08003e64      0x144 ./Drivers/STM32F1xx_HAL_Driver/Src/stm32f1xx_hal_tim.o
                0x08003e64                HAL_TIM_Encoder_Init
 .text.HAL_TIM_Encoder_Start_IT
                0x08003fa8      0x15c ./Drivers/STM32F1xx_HAL_Driver/Src/stm32f1xx_hal_tim.o
                0x08003fa8                HAL_TIM_Encoder_Start_IT
 .text.HAL_TIM_IRQHandler
                0x08004104      0x1e0 ./Drivers/STM32F1xx_HAL_Driver/Src/stm32f1xx_hal_tim.o
                0x08004104                HAL_TIM_IRQHandler
 .text.HAL_TIM_PWM_ConfigChannel
                0x080042e4      0x184 ./Drivers/STM32F1xx_HAL_Driver/Src/stm32f1xx_hal_tim.o
                0x080042e4                HAL_TIM_PWM_ConfigChannel
 .text.HAL_TIM_ConfigClockSource
                0x08004468      0x18e ./Drivers/STM32F1xx_HAL_Driver/Src/stm32f1xx_hal_tim.o
                0x08004468                HAL_TIM_ConfigClockSource
 .text.HAL_TIM_PeriodElapsedCallback
                0x080045f6       0x12 ./Drivers/STM32F1xx_HAL_Driver/Src/stm32f1xx_hal_tim.o
                0x080045f6                HAL_TIM_PeriodElapsedCallback
 .text.HAL_TIM_OC_DelayElapsedCallback
                0x08004608       0x12 ./Drivers/STM32F1xx_HAL_Driver/Src/stm32f1xx_hal_tim.o
                0x08004608                HAL_TIM_OC_DelayElapsedCallback
 .text.HAL_TIM_PWM_PulseFinishedCallback
                0x0800461a       0x12 ./Drivers/STM32F1xx_HAL_Driver/Src/stm32f1xx_hal_tim.o
                0x0800461a                HAL_TIM_PWM_PulseFinishedCallback
 .text.HAL_TIM_TriggerCallback
                0x0800462c       0x12 ./Drivers/STM32F1xx_HAL_Driver/Src/stm32f1xx_hal_tim.o
                0x0800462c                HAL_TIM_TriggerCallback
 *fill*         0x0800463e        0x2 
 .text.TIM_Base_SetConfig
                0x08004640       0xdc ./Drivers/STM32F1xx_HAL_Driver/Src/stm32f1xx_hal_tim.o
                0x08004640                TIM_Base_SetConfig
 .text.TIM_OC1_SetConfig
                0x0800471c       0xcc ./Drivers/STM32F1xx_HAL_Driver/Src/stm32f1xx_hal_tim.o
 .text.TIM_OC2_SetConfig
                0x080047e8       0xd4 ./Drivers/STM32F1xx_HAL_Driver/Src/stm32f1xx_hal_tim.o
                0x080047e8                TIM_OC2_SetConfig
 .text.TIM_OC3_SetConfig
                0x080048bc       0xd4 ./Drivers/STM32F1xx_HAL_Driver/Src/stm32f1xx_hal_tim.o
 .text.TIM_OC4_SetConfig
                0x08004990       0x9c ./Drivers/STM32F1xx_HAL_Driver/Src/stm32f1xx_hal_tim.o
 .text.TIM_TI1_ConfigInputStage
                0x08004a2c       0x5c ./Drivers/STM32F1xx_HAL_Driver/Src/stm32f1xx_hal_tim.o
 .text.TIM_TI2_ConfigInputStage
                0x08004a88       0x5e ./Drivers/STM32F1xx_HAL_Driver/Src/stm32f1xx_hal_tim.o
 .text.TIM_ITRx_SetConfig
                0x08004ae6       0x34 ./Drivers/STM32F1xx_HAL_Driver/Src/stm32f1xx_hal_tim.o
 .text.TIM_ETR_SetConfig
                0x08004b1a       0x3e ./Drivers/STM32F1xx_HAL_Driver/Src/stm32f1xx_hal_tim.o
                0x08004b1a                TIM_ETR_SetConfig
 .text.TIM_CCxChannelCmd
                0x08004b58       0x48 ./Drivers/STM32F1xx_HAL_Driver/Src/stm32f1xx_hal_tim.o
                0x08004b58                TIM_CCxChannelCmd
 .text.HAL_TIMEx_MasterConfigSynchronization
                0x08004ba0       0xbc ./Drivers/STM32F1xx_HAL_Driver/Src/stm32f1xx_hal_tim_ex.o
                0x08004ba0                HAL_TIMEx_MasterConfigSynchronization
 .text.HAL_TIMEx_CommutCallback
                0x08004c5c       0x12 ./Drivers/STM32F1xx_HAL_Driver/Src/stm32f1xx_hal_tim_ex.o
                0x08004c5c                HAL_TIMEx_CommutCallback
 .text.HAL_TIMEx_BreakCallback
                0x08004c6e       0x12 ./Drivers/STM32F1xx_HAL_Driver/Src/stm32f1xx_hal_tim_ex.o
                0x08004c6e                HAL_TIMEx_BreakCallback
 .text.memset   0x08004c80       0x10 /opt/st/stm32cubeide_1.18.1/plugins/com.st.stm32cube.ide.mcu.externaltools.gnu-tools-for-stm32.13.3.rel1.linux64_1.0.0.202410170706/tools/bin/../lib/gcc/arm-none-eabi/13.3.1/../../../../arm-none-eabi/lib/thumb/v7-m/nofp/libc_nano.a(libc_a-memset.o)
                0x08004c80                memset
 .text.__libc_init_array
                0x08004c90       0x48 /opt/st/stm32cubeide_1.18.1/plugins/com.st.stm32cube.ide.mcu.externaltools.gnu-tools-for-stm32.13.3.rel1.linux64_1.0.0.202410170706/tools/bin/../lib/gcc/arm-none-eabi/13.3.1/../../../../arm-none-eabi/lib/thumb/v7-m/nofp/libc_nano.a(libc_a-init.o)
                0x08004c90                __libc_init_array
 *(.glue_7)
 .glue_7        0x08004cd8        0x0 linker stubs
 *(.glue_7t)
 .glue_7t       0x08004cd8        0x0 linker stubs
 *(.eh_frame)
 .eh_frame      0x08004cd8        0x0 /opt/st/stm32cubeide_1.18.1/plugins/com.st.stm32cube.ide.mcu.externaltools.gnu-tools-for-stm32.13.3.rel1.linux64_1.0.0.202410170706/tools/bin/../lib/gcc/arm-none-eabi/13.3.1/thumb/v7-m/nofp/crtbegin.o
 *(.init)
 .init          0x08004cd8        0x4 /opt/st/stm32cubeide_1.18.1/plugins/com.st.stm32cube.ide.mcu.externaltools.gnu-tools-for-stm32.13.3.rel1.linux64_1.0.0.202410170706/tools/bin/../lib/gcc/arm-none-eabi/13.3.1/thumb/v7-m/nofp/crti.o
                0x08004cd8                _init
 .init          0x08004cdc        0x8 /opt/st/stm32cubeide_1.18.1/plugins/com.st.stm32cube.ide.mcu.externaltools.gnu-tools-for-stm32.13.3.rel1.linux64_1.0.0.202410170706/tools/bin/../lib/gcc/arm-none-eabi/13.3.1/thumb/v7-m/nofp/crtn.o
 *(.fini)
 .fini          0x08004ce4        0x4 /opt/st/stm32cubeide_1.18.1/plugins/com.st.stm32cube.ide.mcu.externaltools.gnu-tools-for-stm32.13.3.rel1.linux64_1.0.0.202410170706/tools/bin/../lib/gcc/arm-none-eabi/13.3.1/thumb/v7-m/nofp/crti.o
                0x08004ce4                _fini
 .fini          0x08004ce8        0x8 /opt/st/stm32cubeide_1.18.1/plugins/com.st.stm32cube.ide.mcu.externaltools.gnu-tools-for-stm32.13.3.rel1.linux64_1.0.0.202410170706/tools/bin/../lib/gcc/arm-none-eabi/13.3.1/thumb/v7-m/nofp/crtn.o
                0x08004cf0                        . = ALIGN (0x4)
                0x08004cf0                        _etext = .

.vfp11_veneer   0x08004cf0        0x0
 .vfp11_veneer  0x08004cf0        0x0 linker stubs

.v4_bx          0x08004cf0        0x0
 .v4_bx         0x08004cf0        0x0 linker stubs

.iplt           0x08004cf0        0x0
 .iplt          0x08004cf0        0x0 /opt/st/stm32cubeide_1.18.1/plugins/com.st.stm32cube.ide.mcu.externaltools.gnu-tools-for-stm32.13.3.rel1.linux64_1.0.0.202410170706/tools/bin/../lib/gcc/arm-none-eabi/13.3.1/thumb/v7-m/nofp/crtbegin.o

.rodata         0x08004cf0       0x40
                0x08004cf0                        . = ALIGN (0x4)
 *(.rodata)
 *(.rodata*)
 .rodata.AHBPrescTable
                0x08004cf0       0x10 ./Core/Src/system_stm32f1xx.o
                0x08004cf0                AHBPrescTable
 .rodata.APBPrescTable
                0x08004d00        0x8 ./Core/Src/system_stm32f1xx.o
                0x08004d00                APBPrescTable
 .rodata.aPLLMULFactorTable.1
                0x08004d08       0x10 ./Drivers/STM32F1xx_HAL_Driver/Src/stm32f1xx_hal_rcc.o
 .rodata.aPredivFactorTable.0
                0x08004d18        0x2 ./Drivers/STM32F1xx_HAL_Driver/Src/stm32f1xx_hal_rcc.o
 *fill*         0x08004d1a        0x2 
 .rodata.aPLLMULFactorTable.1
                0x08004d1c       0x10 ./Drivers/STM32F1xx_HAL_Driver/Src/stm32f1xx_hal_rcc_ex.o
 .rodata.aPredivFactorTable.0
                0x08004d2c        0x2 ./Drivers/STM32F1xx_HAL_Driver/Src/stm32f1xx_hal_rcc_ex.o
                0x08004d30                        . = ALIGN (0x4)
 *fill*         0x08004d2e        0x2 

.ARM.extab      0x08004d30        0x0
                0x08004d30                        . = ALIGN (0x4)
 *(.ARM.extab* .gnu.linkonce.armextab.*)
                0x08004d30                        . = ALIGN (0x4)

.ARM            0x08004d30        0x0
                0x08004d30                        . = ALIGN (0x4)
                0x08004d30                        __exidx_start = .
 *(.ARM.exidx*)
                0x08004d30                        __exidx_end = .
                0x08004d30                        . = ALIGN (0x4)

.preinit_array  0x08004d30        0x0
                0x08004d30                        . = ALIGN (0x4)
                0x08004d30                        PROVIDE (__preinit_array_start = .)
 *(.preinit_array*)
                0x08004d30                        PROVIDE (__preinit_array_end = .)
                0x08004d30                        . = ALIGN (0x4)

.init_array     0x08004d30        0x8
                0x08004d30                        . = ALIGN (0x4)
                0x08004d30                        PROVIDE (__init_array_start = .)
 *(SORT_BY_NAME(.init_array.*))
 *(.init_array*)
 .init_array    0x08004d30        0x4 /opt/st/stm32cubeide_1.18.1/plugins/com.st.stm32cube.ide.mcu.externaltools.gnu-tools-for-stm32.13.3.rel1.linux64_1.0.0.202410170706/tools/bin/../lib/gcc/arm-none-eabi/13.3.1/thumb/v7-m/nofp/crtbegin.o
 .init_array    0x08004d34        0x4 ./Core/Src/main.o
                0x08004d38                        PROVIDE (__init_array_end = .)
                0x08004d38                        . = ALIGN (0x4)

.fini_array     0x08004d38        0x4
                0x08004d38                        . = ALIGN (0x4)
                [!provide]                        PROVIDE (__fini_array_start = .)
 *(SORT_BY_NAME(.fini_array.*))
 *(.fini_array*)
 .fini_array    0x08004d38        0x4 /opt/st/stm32cubeide_1.18.1/plugins/com.st.stm32cube.ide.mcu.externaltools.gnu-tools-for-stm32.13.3.rel1.linux64_1.0.0.202410170706/tools/bin/../lib/gcc/arm-none-eabi/13.3.1/thumb/v7-m/nofp/crtbegin.o
                [!provide]                        PROVIDE (__fini_array_end = .)
                0x08004d3c                        . = ALIGN (0x4)
                0x08004d3c                        _sidata = LOADADDR (.data)

.rel.dyn        0x08004d3c        0x0
 .rel.iplt      0x08004d3c        0x0 /opt/st/stm32cubeide_1.18.1/plugins/com.st.stm32cube.ide.mcu.externaltools.gnu-tools-for-stm32.13.3.rel1.linux64_1.0.0.202410170706/tools/bin/../lib/gcc/arm-none-eabi/13.3.1/thumb/v7-m/nofp/crtbegin.o

.data           0x20000000        0xc load address 0x08004d3c
                0x20000000                        . = ALIGN (0x4)
                0x20000000                        _sdata = .
 *(.data)
 *(.data*)
 .data.SystemCoreClock
                0x20000000        0x4 ./Core/Src/system_stm32f1xx.o
                0x20000000                SystemCoreClock
 .data.uwTickPrio
                0x20000004        0x4 ./Drivers/STM32F1xx_HAL_Driver/Src/stm32f1xx_hal.o
                0x20000004                uwTickPrio
 .data.uwTickFreq
                0x20000008        0x1 ./Drivers/STM32F1xx_HAL_Driver/Src/stm32f1xx_hal.o
                0x20000008                uwTickFreq
 *(.RamFunc)
 *(.RamFunc*)
                0x2000000c                        . = ALIGN (0x4)
 *fill*         0x20000009        0x3 
                0x2000000c                        _edata = .

.igot.plt       0x2000000c        0x0 load address 0x08004d48
 .igot.plt      0x2000000c        0x0 /opt/st/stm32cubeide_1.18.1/plugins/com.st.stm32cube.ide.mcu.externaltools.gnu-tools-for-stm32.13.3.rel1.linux64_1.0.0.202410170706/tools/bin/../lib/gcc/arm-none-eabi/13.3.1/thumb/v7-m/nofp/crtbegin.o
                0x2000000c                        . = ALIGN (0x4)

.bss            0x20000010      0x294 load address 0x08004d48
                0x20000010                        _sbss = .
                0x20000010                        __bss_start__ = _sbss
 *(.bss)
 .bss           0x20000010       0x1c /opt/st/stm32cubeide_1.18.1/plugins/com.st.stm32cube.ide.mcu.externaltools.gnu-tools-for-stm32.13.3.rel1.linux64_1.0.0.202410170706/tools/bin/../lib/gcc/arm-none-eabi/13.3.1/thumb/v7-m/nofp/crtbegin.o
 *(.bss*)
 .bss.hadc1     0x2000002c       0x30 ./Core/Src/main.o
                0x2000002c                hadc1
 .bss.htim2     0x2000005c       0x48 ./Core/Src/main.o
                0x2000005c                htim2
 .bss.htim3     0x200000a4       0x48 ./Core/Src/main.o
                0x200000a4                htim3
 .bss.htim4     0x200000ec       0x48 ./Core/Src/main.o
                0x200000ec                htim4
 *fill*         0x20000134        0x4 
 .bss.leftEncoder
                0x20000138       0x20 ./Core/Src/main.o
                0x20000138                leftEncoder
 .bss.rightEncoder
                0x20000158       0x20 ./Core/Src/main.o
                0x20000158                rightEncoder
 .bss.leftMotor
                0x20000178       0x1c ./Core/Src/main.o
                0x20000178                leftMotor
 .bss.rightMotor
                0x20000194       0x1c ./Core/Src/main.o
                0x20000194                rightMotor
 .bss.vsens     0x200001b0       0x24 ./Core/Src/main.o
                0x200001b0                vsens
 .bss.flSens    0x200001d4       0x30 ./Core/Src/main.o
                0x200001d4                flSens
 .bss.lSens     0x20000204       0x30 ./Core/Src/main.o
                0x20000204                lSens
 .bss.rSens     0x20000234       0x30 ./Core/Src/main.o
                0x20000234                rSens
 .bss.frSens    0x20000264       0x30 ./Core/Src/main.o
                0x20000264                frSens
 .bss.lastTick  0x20000294        0x4 ./Core/Src/main.o
                0x20000294                lastTick
 .bss.curTick   0x20000298        0x4 ./Core/Src/main.o
                0x20000298                curTick
 .bss.dt        0x2000029c        0x4 ./Core/Src/main.o
                0x2000029c                dt
 .bss.uwTick    0x200002a0        0x4 ./Drivers/STM32F1xx_HAL_Driver/Src/stm32f1xx_hal.o
                0x200002a0                uwTick
 *(COMMON)
                0x200002a4                        . = ALIGN (0x4)
                0x200002a4                        _ebss = .
                0x200002a4                        __bss_end__ = _ebss

._user_heap_stack
                0x200002a4      0x604 load address 0x08004d48
                0x200002a8                        . = ALIGN (0x8)
 *fill*         0x200002a4        0x4 
                [!provide]                        PROVIDE (end = .)
                0x200002a8                        PROVIDE (_end = .)
                0x200004a8                        . = (. + _Min_Heap_Size)
 *fill*         0x200002a8      0x200 
                0x200008a8                        . = (. + _Min_Stack_Size)
 *fill*         0x200004a8      0x400 
                0x200008a8                        . = ALIGN (0x8)

/DISCARD/
 libc.a(*)
 libm.a(*)
 libgcc.a(*)

.ARM.attributes
                0x00000000       0x29
 *(.ARM.attributes)
 .ARM.attributes
                0x00000000       0x1d /opt/st/stm32cubeide_1.18.1/plugins/com.st.stm32cube.ide.mcu.externaltools.gnu-tools-for-stm32.13.3.rel1.linux64_1.0.0.202410170706/tools/bin/../lib/gcc/arm-none-eabi/13.3.1/thumb/v7-m/nofp/crti.o
 .ARM.attributes
                0x0000001d       0x2d /opt/st/stm32cubeide_1.18.1/plugins/com.st.stm32cube.ide.mcu.externaltools.gnu-tools-for-stm32.13.3.rel1.linux64_1.0.0.202410170706/tools/bin/../lib/gcc/arm-none-eabi/13.3.1/thumb/v7-m/nofp/crtbegin.o
 .ARM.attributes
                0x0000004a       0x2d ./Core/Src/adcchannel.o
 .ARM.attributes
                0x00000077       0x2d ./Core/Src/dsens.o
 .ARM.attributes
                0x000000a4       0x2d ./Core/Src/encoders.o
 .ARM.attributes
                0x000000d1       0x2d ./Core/Src/main.o
 .ARM.attributes
                0x000000fe       0x2d ./Core/Src/motor.o
 .ARM.attributes
                0x0000012b       0x2d ./Core/Src/stm32f1xx_hal_msp.o
 .ARM.attributes
                0x00000158       0x2d ./Core/Src/stm32f1xx_it.o
 .ARM.attributes
                0x00000185       0x2d ./Core/Src/system_stm32f1xx.o
 .ARM.attributes
                0x000001b2       0x2d ./Core/Src/vsens.o
 .ARM.attributes
                0x000001df       0x21 ./Core/Startup/startup_stm32f103c8tx.o
 .ARM.attributes
                0x00000200       0x2d ./Drivers/STM32F1xx_HAL_Driver/Src/stm32f1xx_hal.o
 .ARM.attributes
                0x0000022d       0x2d ./Drivers/STM32F1xx_HAL_Driver/Src/stm32f1xx_hal_adc.o
 .ARM.attributes
                0x0000025a       0x2d ./Drivers/STM32F1xx_HAL_Driver/Src/stm32f1xx_hal_adc_ex.o
 .ARM.attributes
                0x00000287       0x2d ./Drivers/STM32F1xx_HAL_Driver/Src/stm32f1xx_hal_cortex.o
 .ARM.attributes
                0x000002b4       0x2d ./Drivers/STM32F1xx_HAL_Driver/Src/stm32f1xx_hal_gpio.o
 .ARM.attributes
                0x000002e1       0x2d ./Drivers/STM32F1xx_HAL_Driver/Src/stm32f1xx_hal_rcc.o
 .ARM.attributes
                0x0000030e       0x2d ./Drivers/STM32F1xx_HAL_Driver/Src/stm32f1xx_hal_rcc_ex.o
 .ARM.attributes
                0x0000033b       0x2d ./Drivers/STM32F1xx_HAL_Driver/Src/stm32f1xx_hal_tim.o
 .ARM.attributes
                0x00000368       0x2d ./Drivers/STM32F1xx_HAL_Driver/Src/stm32f1xx_hal_tim_ex.o
 .ARM.attributes
                0x00000395       0x2d /opt/st/stm32cubeide_1.18.1/plugins/com.st.stm32cube.ide.mcu.externaltools.gnu-tools-for-stm32.13.3.rel1.linux64_1.0.0.202410170706/tools/bin/../lib/gcc/arm-none-eabi/13.3.1/../../../../arm-none-eabi/lib/thumb/v7-m/nofp/libc_nano.a(libc_a-memset.o)
 .ARM.attributes
                0x000003c2       0x2d /opt/st/stm32cubeide_1.18.1/plugins/com.st.stm32cube.ide.mcu.externaltools.gnu-tools-for-stm32.13.3.rel1.linux64_1.0.0.202410170706/tools/bin/../lib/gcc/arm-none-eabi/13.3.1/../../../../arm-none-eabi/lib/thumb/v7-m/nofp/libc_nano.a(libc_a-init.o)
 .ARM.attributes
                0x000003ef       0x1d /opt/st/stm32cubeide_1.18.1/plugins/com.st.stm32cube.ide.mcu.externaltools.gnu-tools-for-stm32.13.3.rel1.linux64_1.0.0.202410170706/tools/bin/../lib/gcc/arm-none-eabi/13.3.1/thumb/v7-m/nofp/libgcc.a(_arm_muldf3.o)
 .ARM.attributes
                0x0000040c       0x1d /opt/st/stm32cubeide_1.18.1/plugins/com.st.stm32cube.ide.mcu.externaltools.gnu-tools-for-stm32.13.3.rel1.linux64_1.0.0.202410170706/tools/bin/../lib/gcc/arm-none-eabi/13.3.1/thumb/v7-m/nofp/libgcc.a(_arm_addsubdf3.o)
 .ARM.attributes
                0x00000429       0x1d /opt/st/stm32cubeide_1.18.1/plugins/com.st.stm32cube.ide.mcu.externaltools.gnu-tools-for-stm32.13.3.rel1.linux64_1.0.0.202410170706/tools/bin/../lib/gcc/arm-none-eabi/13.3.1/thumb/v7-m/nofp/libgcc.a(_arm_cmpdf2.o)
 .ARM.attributes
                0x00000446       0x1d /opt/st/stm32cubeide_1.18.1/plugins/com.st.stm32cube.ide.mcu.externaltools.gnu-tools-for-stm32.13.3.rel1.linux64_1.0.0.202410170706/tools/bin/../lib/gcc/arm-none-eabi/13.3.1/thumb/v7-m/nofp/libgcc.a(_arm_truncdfsf2.o)
 .ARM.attributes
                0x00000463       0x1d /opt/st/stm32cubeide_1.18.1/plugins/com.st.stm32cube.ide.mcu.externaltools.gnu-tools-for-stm32.13.3.rel1.linux64_1.0.0.202410170706/tools/bin/../lib/gcc/arm-none-eabi/13.3.1/thumb/v7-m/nofp/libgcc.a(_arm_addsubsf3.o)
 .ARM.attributes
                0x00000480       0x1d /opt/st/stm32cubeide_1.18.1/plugins/com.st.stm32cube.ide.mcu.externaltools.gnu-tools-for-stm32.13.3.rel1.linux64_1.0.0.202410170706/tools/bin/../lib/gcc/arm-none-eabi/13.3.1/thumb/v7-m/nofp/libgcc.a(_arm_muldivsf3.o)
 .ARM.attributes
                0x0000049d       0x1d /opt/st/stm32cubeide_1.18.1/plugins/com.st.stm32cube.ide.mcu.externaltools.gnu-tools-for-stm32.13.3.rel1.linux64_1.0.0.202410170706/tools/bin/../lib/gcc/arm-none-eabi/13.3.1/thumb/v7-m/nofp/libgcc.a(_arm_cmpsf2.o)
 .ARM.attributes
                0x000004ba       0x1d /opt/st/stm32cubeide_1.18.1/plugins/com.st.stm32cube.ide.mcu.externaltools.gnu-tools-for-stm32.13.3.rel1.linux64_1.0.0.202410170706/tools/bin/../lib/gcc/arm-none-eabi/13.3.1/thumb/v7-m/nofp/libgcc.a(_arm_fixsfsi.o)
 .ARM.attributes
                0x000004d7       0x1d /opt/st/stm32cubeide_1.18.1/plugins/com.st.stm32cube.ide.mcu.externaltools.gnu-tools-for-stm32.13.3.rel1.linux64_1.0.0.202410170706/tools/bin/../lib/gcc/arm-none-eabi/13.3.1/thumb/v7-m/nofp/crtn.o
OUTPUT(AirLiteTalonFX.elf elf32-littlearm)
LOAD linker stubs
LOAD /opt/st/stm32cubeide_1.18.1/plugins/com.st.stm32cube.ide.mcu.externaltools.gnu-tools-for-stm32.13.3.rel1.linux64_1.0.0.202410170706/tools/bin/../lib/gcc/arm-none-eabi/13.3.1/../../../../arm-none-eabi/lib/thumb/v7-m/nofp/libc.a
LOAD /opt/st/stm32cubeide_1.18.1/plugins/com.st.stm32cube.ide.mcu.externaltools.gnu-tools-for-stm32.13.3.rel1.linux64_1.0.0.202410170706/tools/bin/../lib/gcc/arm-none-eabi/13.3.1/../../../../arm-none-eabi/lib/thumb/v7-m/nofp/libm.a
LOAD /opt/st/stm32cubeide_1.18.1/plugins/com.st.stm32cube.ide.mcu.externaltools.gnu-tools-for-stm32.13.3.rel1.linux64_1.0.0.202410170706/tools/bin/../lib/gcc/arm-none-eabi/13.3.1/thumb/v7-m/nofp/libgcc.a

.debug_info     0x00000000     0xd6bf
 .debug_info    0x00000000      0x8c6 ./Core/Src/adcchannel.o
 .debug_info    0x000008c6      0x9f6 ./Core/Src/dsens.o
 .debug_info    0x000012bc      0x989 ./Core/Src/encoders.o
 .debug_info    0x00001c45     0x1972 ./Core/Src/main.o
 .debug_info    0x000035b7      0xad2 ./Core/Src/motor.o
 .debug_info    0x00004089      0xe11 ./Core/Src/stm32f1xx_hal_msp.o
 .debug_info    0x00004e9a      0x6b9 ./Core/Src/stm32f1xx_it.o
 .debug_info    0x00005553      0x222 ./Core/Src/system_stm32f1xx.o
 .debug_info    0x00005775      0x7fb ./Core/Src/vsens.o
 .debug_info    0x00005f70       0x30 ./Core/Startup/startup_stm32f103c8tx.o
 .debug_info    0x00005fa0      0x704 ./Drivers/STM32F1xx_HAL_Driver/Src/stm32f1xx_hal.o
 .debug_info    0x000066a4      0xc50 ./Drivers/STM32F1xx_HAL_Driver/Src/stm32f1xx_hal_adc.o
 .debug_info    0x000072f4      0xa10 ./Drivers/STM32F1xx_HAL_Driver/Src/stm32f1xx_hal_adc_ex.o
 .debug_info    0x00007d04      0xa87 ./Drivers/STM32F1xx_HAL_Driver/Src/stm32f1xx_hal_cortex.o
 .debug_info    0x0000878b      0x5ab ./Drivers/STM32F1xx_HAL_Driver/Src/stm32f1xx_hal_gpio.o
 .debug_info    0x00008d36      0x7d5 ./Drivers/STM32F1xx_HAL_Driver/Src/stm32f1xx_hal_rcc.o
 .debug_info    0x0000950b      0x3c0 ./Drivers/STM32F1xx_HAL_Driver/Src/stm32f1xx_hal_rcc_ex.o
 .debug_info    0x000098cb     0x2959 ./Drivers/STM32F1xx_HAL_Driver/Src/stm32f1xx_hal_tim.o
 .debug_info    0x0000c224     0x149b ./Drivers/STM32F1xx_HAL_Driver/Src/stm32f1xx_hal_tim_ex.o

.debug_abbrev   0x00000000     0x29e1
 .debug_abbrev  0x00000000      0x273 ./Core/Src/adcchannel.o
 .debug_abbrev  0x00000273      0x279 ./Core/Src/dsens.o
 .debug_abbrev  0x000004ec      0x2a1 ./Core/Src/encoders.o
 .debug_abbrev  0x0000078d      0x3c5 ./Core/Src/main.o
 .debug_abbrev  0x00000b52      0x29f ./Core/Src/motor.o
 .debug_abbrev  0x00000df1      0x24a ./Core/Src/stm32f1xx_hal_msp.o
 .debug_abbrev  0x0000103b      0x193 ./Core/Src/stm32f1xx_it.o
 .debug_abbrev  0x000011ce      0x13f ./Core/Src/system_stm32f1xx.o
 .debug_abbrev  0x0000130d      0x24b ./Core/Src/vsens.o
 .debug_abbrev  0x00001558       0x24 ./Core/Startup/startup_stm32f103c8tx.o
 .debug_abbrev  0x0000157c      0x201 ./Drivers/STM32F1xx_HAL_Driver/Src/stm32f1xx_hal.o
 .debug_abbrev  0x0000177d      0x225 ./Drivers/STM32F1xx_HAL_Driver/Src/stm32f1xx_hal_adc.o
 .debug_abbrev  0x000019a2      0x249 ./Drivers/STM32F1xx_HAL_Driver/Src/stm32f1xx_hal_adc_ex.o
 .debug_abbrev  0x00001beb      0x2f8 ./Drivers/STM32F1xx_HAL_Driver/Src/stm32f1xx_hal_cortex.o
 .debug_abbrev  0x00001ee3      0x1ca ./Drivers/STM32F1xx_HAL_Driver/Src/stm32f1xx_hal_gpio.o
 .debug_abbrev  0x000020ad      0x2b3 ./Drivers/STM32F1xx_HAL_Driver/Src/stm32f1xx_hal_rcc.o
 .debug_abbrev  0x00002360      0x188 ./Drivers/STM32F1xx_HAL_Driver/Src/stm32f1xx_hal_rcc_ex.o
 .debug_abbrev  0x000024e8      0x277 ./Drivers/STM32F1xx_HAL_Driver/Src/stm32f1xx_hal_tim.o
 .debug_abbrev  0x0000275f      0x282 ./Drivers/STM32F1xx_HAL_Driver/Src/stm32f1xx_hal_tim_ex.o

.debug_aranges  0x00000000      0xc48
 .debug_aranges
                0x00000000       0x40 ./Core/Src/adcchannel.o
 .debug_aranges
                0x00000040       0x30 ./Core/Src/dsens.o
 .debug_aranges
                0x00000070       0x40 ./Core/Src/encoders.o
 .debug_aranges
                0x000000b0       0x70 ./Core/Src/main.o
 .debug_aranges
                0x00000120       0x40 ./Core/Src/motor.o
 .debug_aranges
                0x00000160       0x58 ./Core/Src/stm32f1xx_hal_msp.o
 .debug_aranges
                0x000001b8       0x70 ./Core/Src/stm32f1xx_it.o
 .debug_aranges
                0x00000228       0x28 ./Core/Src/system_stm32f1xx.o
 .debug_aranges
                0x00000250       0x30 ./Core/Src/vsens.o
 .debug_aranges
                0x00000280       0x28 ./Core/Startup/startup_stm32f103c8tx.o
 .debug_aranges
                0x000002a8       0xe0 ./Drivers/STM32F1xx_HAL_Driver/Src/stm32f1xx_hal.o
 .debug_aranges
                0x00000388       0xf0 ./Drivers/STM32F1xx_HAL_Driver/Src/stm32f1xx_hal_adc.o
 .debug_aranges
                0x00000478       0x80 ./Drivers/STM32F1xx_HAL_Driver/Src/stm32f1xx_hal_adc_ex.o
 .debug_aranges
                0x000004f8      0x100 ./Drivers/STM32F1xx_HAL_Driver/Src/stm32f1xx_hal_cortex.o
 .debug_aranges
                0x000005f8       0x58 ./Drivers/STM32F1xx_HAL_Driver/Src/stm32f1xx_hal_gpio.o
 .debug_aranges
                0x00000650       0x90 ./Drivers/STM32F1xx_HAL_Driver/Src/stm32f1xx_hal_rcc.o
 .debug_aranges
                0x000006e0       0x30 ./Drivers/STM32F1xx_HAL_Driver/Src/stm32f1xx_hal_rcc_ex.o
 .debug_aranges
                0x00000710      0x3d0 ./Drivers/STM32F1xx_HAL_Driver/Src/stm32f1xx_hal_tim.o
 .debug_aranges
                0x00000ae0      0x168 ./Drivers/STM32F1xx_HAL_Driver/Src/stm32f1xx_hal_tim_ex.o

.debug_rnglists
                0x00000000      0x961
 .debug_rnglists
                0x00000000       0x2b ./Core/Src/adcchannel.o
 .debug_rnglists
                0x0000002b       0x1f ./Core/Src/dsens.o
 .debug_rnglists
                0x0000004a       0x2b ./Core/Src/encoders.o
 .debug_rnglists
                0x00000075       0x56 ./Core/Src/main.o
 .debug_rnglists
                0x000000cb       0x2c ./Core/Src/motor.o
 .debug_rnglists
                0x000000f7       0x3f ./Core/Src/stm32f1xx_hal_msp.o
 .debug_rnglists
                0x00000136       0x4f ./Core/Src/stm32f1xx_it.o
 .debug_rnglists
                0x00000185       0x1a ./Core/Src/system_stm32f1xx.o
 .debug_rnglists
                0x0000019f       0x1f ./Core/Src/vsens.o
 .debug_rnglists
                0x000001be       0x19 ./Core/Startup/startup_stm32f103c8tx.o
 .debug_rnglists
                0x000001d7       0xa3 ./Drivers/STM32F1xx_HAL_Driver/Src/stm32f1xx_hal.o
 .debug_rnglists
                0x0000027a       0xbc ./Drivers/STM32F1xx_HAL_Driver/Src/stm32f1xx_hal_adc.o
 .debug_rnglists
                0x00000336       0x65 ./Drivers/STM32F1xx_HAL_Driver/Src/stm32f1xx_hal_adc_ex.o
 .debug_rnglists
                0x0000039b       0xbb ./Drivers/STM32F1xx_HAL_Driver/Src/stm32f1xx_hal_cortex.o
 .debug_rnglists
                0x00000456       0x3f ./Drivers/STM32F1xx_HAL_Driver/Src/stm32f1xx_hal_gpio.o
 .debug_rnglists
                0x00000495       0x6c ./Drivers/STM32F1xx_HAL_Driver/Src/stm32f1xx_hal_rcc.o
 .debug_rnglists
                0x00000501       0x21 ./Drivers/STM32F1xx_HAL_Driver/Src/stm32f1xx_hal_rcc_ex.o
 .debug_rnglists
                0x00000522      0x31a ./Drivers/STM32F1xx_HAL_Driver/Src/stm32f1xx_hal_tim.o
 .debug_rnglists
                0x0000083c      0x125 ./Drivers/STM32F1xx_HAL_Driver/Src/stm32f1xx_hal_tim_ex.o

.debug_macro    0x00000000     0x4347
 .debug_macro   0x00000000      0x1c3 ./Core/Src/adcchannel.o
 .debug_macro   0x000001c3      0x154 ./Core/Src/adcchannel.o
 .debug_macro   0x00000317      0x1cd ./Core/Src/dsens.o
 .debug_macro   0x000004e4      0x14e ./Core/Src/dsens.o
 .debug_macro   0x00000632      0x1f5 ./Core/Src/encoders.o
 .debug_macro   0x00000827      0x1f2 ./Core/Src/encoders.o
 .debug_macro   0x00000a19       0x10 ./Core/Src/encoders.o
 .debug_macro   0x00000a29      0x409 ./Core/Src/encoders.o
 .debug_macro   0x00000e32      0x11a ./Core/Src/encoders.o
 .debug_macro   0x00000f4c      0x1dd ./Core/Src/main.o
 .debug_macro   0x00001129      0x1c3 ./Core/Src/motor.o
 .debug_macro   0x000012ec      0x1bc ./Core/Src/stm32f1xx_hal_msp.o
 .debug_macro   0x000014a8      0xacc ./Core/Src/stm32f1xx_hal_msp.o
 .debug_macro   0x00001f74      0xd23 ./Core/Src/stm32f1xx_hal_msp.o
 .debug_macro   0x00002c97      0x190 ./Core/Src/stm32f1xx_hal_msp.o
 .debug_macro   0x00002e27      0x1c6 ./Core/Src/stm32f1xx_it.o
 .debug_macro   0x00002fed      0x1ad ./Core/Src/system_stm32f1xx.o
 .debug_macro   0x0000319a      0x1c7 ./Core/Src/vsens.o
 .debug_macro   0x00003361      0x1d1 ./Drivers/STM32F1xx_HAL_Driver/Src/stm32f1xx_hal.o
 .debug_macro   0x00003532      0x1ca ./Drivers/STM32F1xx_HAL_Driver/Src/stm32f1xx_hal_adc.o
 .debug_macro   0x000036fc      0x1bf ./Drivers/STM32F1xx_HAL_Driver/Src/stm32f1xx_hal_adc_ex.o
 .debug_macro   0x000038bb      0x1ad ./Drivers/STM32F1xx_HAL_Driver/Src/stm32f1xx_hal_cortex.o
 .debug_macro   0x00003a68      0x218 ./Drivers/STM32F1xx_HAL_Driver/Src/stm32f1xx_hal_gpio.o
 .debug_macro   0x00003c80      0x1bf ./Drivers/STM32F1xx_HAL_Driver/Src/stm32f1xx_hal_rcc.o
 .debug_macro   0x00003e3f      0x1ad ./Drivers/STM32F1xx_HAL_Driver/Src/stm32f1xx_hal_rcc_ex.o
 .debug_macro   0x00003fec      0x1ae ./Drivers/STM32F1xx_HAL_Driver/Src/stm32f1xx_hal_tim.o
 .debug_macro   0x0000419a      0x1ad ./Drivers/STM32F1xx_HAL_Driver/Src/stm32f1xx_hal_tim_ex.o

.debug_line     0x00000000     0xe0cb
 .debug_line    0x00000000      0x729 ./Core/Src/adcchannel.o
 .debug_line    0x00000729      0x70e ./Core/Src/dsens.o
 .debug_line    0x00000e37      0x8e1 ./Core/Src/encoders.o
 .debug_line    0x00001718      0xa76 ./Core/Src/main.o
 .debug_line    0x0000218e      0x797 ./Core/Src/motor.o
 .debug_line    0x00002925      0x78b ./Core/Src/stm32f1xx_hal_msp.o
 .debug_line    0x000030b0      0x739 ./Core/Src/stm32f1xx_it.o
 .debug_line    0x000037e9      0x6d9 ./Core/Src/system_stm32f1xx.o
 .debug_line    0x00003ec2      0x6cf ./Core/Src/vsens.o
 .debug_line    0x00004591       0x78 ./Core/Startup/startup_stm32f103c8tx.o
 .debug_line    0x00004609      0x90a ./Drivers/STM32F1xx_HAL_Driver/Src/stm32f1xx_hal.o
 .debug_line    0x00004f13      0xf2f ./Drivers/STM32F1xx_HAL_Driver/Src/stm32f1xx_hal_adc.o
 .debug_line    0x00005e42      0xc51 ./Drivers/STM32F1xx_HAL_Driver/Src/stm32f1xx_hal_adc_ex.o
 .debug_line    0x00006a93      0xad4 ./Drivers/STM32F1xx_HAL_Driver/Src/stm32f1xx_hal_cortex.o
 .debug_line    0x00007567      0x967 ./Drivers/STM32F1xx_HAL_Driver/Src/stm32f1xx_hal_gpio.o
 .debug_line    0x00007ece      0xdc3 ./Drivers/STM32F1xx_HAL_Driver/Src/stm32f1xx_hal_rcc.o
 .debug_line    0x00008c91      0x874 ./Drivers/STM32F1xx_HAL_Driver/Src/stm32f1xx_hal_rcc_ex.o
 .debug_line    0x00009505     0x33f8 ./Drivers/STM32F1xx_HAL_Driver/Src/stm32f1xx_hal_tim.o
 .debug_line    0x0000c8fd     0x17ce ./Drivers/STM32F1xx_HAL_Driver/Src/stm32f1xx_hal_tim_ex.o

.debug_str      0x00000000    0x8db08
 .debug_str     0x00000000    0x8db08 ./Core/Src/adcchannel.o
                              0x874fe (size before relaxing)
 .debug_str     0x0008db08    0x875c3 ./Core/Src/dsens.o
 .debug_str     0x0008db08    0x8a8f7 ./Core/Src/encoders.o
 .debug_str     0x0008db08    0x883b8 ./Core/Src/main.o
 .debug_str     0x0008db08    0x876df ./Core/Src/motor.o
 .debug_str     0x0008db08    0x87460 ./Core/Src/stm32f1xx_hal_msp.o
 .debug_str     0x0008db08    0x86f56 ./Core/Src/stm32f1xx_it.o
 .debug_str     0x0008db08    0x86553 ./Core/Src/system_stm32f1xx.o
 .debug_str     0x0008db08    0x873ff ./Core/Src/vsens.o
 .debug_str     0x0008db08       0x7d ./Core/Startup/startup_stm32f103c8tx.o
 .debug_str     0x0008db08    0x86c86 ./Drivers/STM32F1xx_HAL_Driver/Src/stm32f1xx_hal.o
 .debug_str     0x0008db08    0x86c37 ./Drivers/STM32F1xx_HAL_Driver/Src/stm32f1xx_hal_adc.o
 .debug_str     0x0008db08    0x86c07 ./Drivers/STM32F1xx_HAL_Driver/Src/stm32f1xx_hal_adc_ex.o
 .debug_str     0x0008db08    0x86bd2 ./Drivers/STM32F1xx_HAL_Driver/Src/stm32f1xx_hal_cortex.o
 .debug_str     0x0008db08    0x868d9 ./Drivers/STM32F1xx_HAL_Driver/Src/stm32f1xx_hal_gpio.o
 .debug_str     0x0008db08    0x86982 ./Drivers/STM32F1xx_HAL_Driver/Src/stm32f1xx_hal_rcc.o
 .debug_str     0x0008db08    0x866d2 ./Drivers/STM32F1xx_HAL_Driver/Src/stm32f1xx_hal_rcc_ex.o
 .debug_str     0x0008db08    0x87984 ./Drivers/STM32F1xx_HAL_Driver/Src/stm32f1xx_hal_tim.o
 .debug_str     0x0008db08    0x87190 ./Drivers/STM32F1xx_HAL_Driver/Src/stm32f1xx_hal_tim_ex.o

.comment        0x00000000       0x43
 .comment       0x00000000       0x43 ./Core/Src/adcchannel.o
                                 0x44 (size before relaxing)
 .comment       0x00000043       0x44 ./Core/Src/dsens.o
 .comment       0x00000043       0x44 ./Core/Src/encoders.o
 .comment       0x00000043       0x44 ./Core/Src/main.o
 .comment       0x00000043       0x44 ./Core/Src/motor.o
 .comment       0x00000043       0x44 ./Core/Src/stm32f1xx_hal_msp.o
 .comment       0x00000043       0x44 ./Core/Src/stm32f1xx_it.o
 .comment       0x00000043       0x44 ./Core/Src/system_stm32f1xx.o
 .comment       0x00000043       0x44 ./Core/Src/vsens.o
 .comment       0x00000043       0x44 ./Drivers/STM32F1xx_HAL_Driver/Src/stm32f1xx_hal.o
 .comment       0x00000043       0x44 ./Drivers/STM32F1xx_HAL_Driver/Src/stm32f1xx_hal_adc.o
 .comment       0x00000043       0x44 ./Drivers/STM32F1xx_HAL_Driver/Src/stm32f1xx_hal_adc_ex.o
 .comment       0x00000043       0x44 ./Drivers/STM32F1xx_HAL_Driver/Src/stm32f1xx_hal_cortex.o
 .comment       0x00000043       0x44 ./Drivers/STM32F1xx_HAL_Driver/Src/stm32f1xx_hal_gpio.o
 .comment       0x00000043       0x44 ./Drivers/STM32F1xx_HAL_Driver/Src/stm32f1xx_hal_rcc.o
 .comment       0x00000043       0x44 ./Drivers/STM32F1xx_HAL_Driver/Src/stm32f1xx_hal_rcc_ex.o
 .comment       0x00000043       0x44 ./Drivers/STM32F1xx_HAL_Driver/Src/stm32f1xx_hal_tim.o
 .comment       0x00000043       0x44 ./Drivers/STM32F1xx_HAL_Driver/Src/stm32f1xx_hal_tim_ex.o

.debug_frame    0x00000000     0x3470
 .debug_frame   0x00000000       0xcc ./Core/Src/adcchannel.o
 .debug_frame   0x000000cc       0x80 ./Core/Src/dsens.o
 .debug_frame   0x0000014c       0xdc ./Core/Src/encoders.o
 .debug_frame   0x00000228      0x178 ./Core/Src/main.o
 .debug_frame   0x000003a0       0xc8 ./Core/Src/motor.o
 .debug_frame   0x00000468      0x13c ./Core/Src/stm32f1xx_hal_msp.o
 .debug_frame   0x000005a4      0x13c ./Core/Src/stm32f1xx_it.o
 .debug_frame   0x000006e0       0x58 ./Core/Src/system_stm32f1xx.o
 .debug_frame   0x00000738       0x7c ./Core/Src/vsens.o
 .debug_frame   0x000007b4      0x334 ./Drivers/STM32F1xx_HAL_Driver/Src/stm32f1xx_hal.o
 .debug_frame   0x00000ae8      0x40c ./Drivers/STM32F1xx_HAL_Driver/Src/stm32f1xx_hal_adc.o
 .debug_frame   0x00000ef4      0x200 ./Drivers/STM32F1xx_HAL_Driver/Src/stm32f1xx_hal_adc_ex.o
 .debug_frame   0x000010f4      0x428 ./Drivers/STM32F1xx_HAL_Driver/Src/stm32f1xx_hal_cortex.o
 .debug_frame   0x0000151c      0x14c ./Drivers/STM32F1xx_HAL_Driver/Src/stm32f1xx_hal_gpio.o
 .debug_frame   0x00001668      0x218 ./Drivers/STM32F1xx_HAL_Driver/Src/stm32f1xx_hal_rcc.o
 .debug_frame   0x00001880       0x80 ./Drivers/STM32F1xx_HAL_Driver/Src/stm32f1xx_hal_rcc_ex.o
 .debug_frame   0x00001900     0x11b8 ./Drivers/STM32F1xx_HAL_Driver/Src/stm32f1xx_hal_tim.o
 .debug_frame   0x00002ab8      0x638 ./Drivers/STM32F1xx_HAL_Driver/Src/stm32f1xx_hal_tim_ex.o
 .debug_frame   0x000030f0       0x20 /opt/st/stm32cubeide_1.18.1/plugins/com.st.stm32cube.ide.mcu.externaltools.gnu-tools-for-stm32.13.3.rel1.linux64_1.0.0.202410170706/tools/bin/../lib/gcc/arm-none-eabi/13.3.1/../../../../arm-none-eabi/lib/thumb/v7-m/nofp/libc_nano.a(libc_a-memset.o)
 .debug_frame   0x00003110       0x2c /opt/st/stm32cubeide_1.18.1/plugins/com.st.stm32cube.ide.mcu.externaltools.gnu-tools-for-stm32.13.3.rel1.linux64_1.0.0.202410170706/tools/bin/../lib/gcc/arm-none-eabi/13.3.1/../../../../arm-none-eabi/lib/thumb/v7-m/nofp/libc_nano.a(libc_a-init.o)
 .debug_frame   0x0000313c       0x30 /opt/st/stm32cubeide_1.18.1/plugins/com.st.stm32cube.ide.mcu.externaltools.gnu-tools-for-stm32.13.3.rel1.linux64_1.0.0.202410170706/tools/bin/../lib/gcc/arm-none-eabi/13.3.1/thumb/v7-m/nofp/libgcc.a(_arm_muldf3.o)
 .debug_frame   0x0000316c       0xac /opt/st/stm32cubeide_1.18.1/plugins/com.st.stm32cube.ide.mcu.externaltools.gnu-tools-for-stm32.13.3.rel1.linux64_1.0.0.202410170706/tools/bin/../lib/gcc/arm-none-eabi/13.3.1/thumb/v7-m/nofp/libgcc.a(_arm_addsubdf3.o)
 .debug_frame   0x00003218       0xc4 /opt/st/stm32cubeide_1.18.1/plugins/com.st.stm32cube.ide.mcu.externaltools.gnu-tools-for-stm32.13.3.rel1.linux64_1.0.0.202410170706/tools/bin/../lib/gcc/arm-none-eabi/13.3.1/thumb/v7-m/nofp/libgcc.a(_arm_cmpdf2.o)
 .debug_frame   0x000032dc       0x24 /opt/st/stm32cubeide_1.18.1/plugins/com.st.stm32cube.ide.mcu.externaltools.gnu-tools-for-stm32.13.3.rel1.linux64_1.0.0.202410170706/tools/bin/../lib/gcc/arm-none-eabi/13.3.1/thumb/v7-m/nofp/libgcc.a(_arm_truncdfsf2.o)
 .debug_frame   0x00003300       0x4c /opt/st/stm32cubeide_1.18.1/plugins/com.st.stm32cube.ide.mcu.externaltools.gnu-tools-for-stm32.13.3.rel1.linux64_1.0.0.202410170706/tools/bin/../lib/gcc/arm-none-eabi/13.3.1/thumb/v7-m/nofp/libgcc.a(_arm_addsubsf3.o)
 .debug_frame   0x0000334c       0x38 /opt/st/stm32cubeide_1.18.1/plugins/com.st.stm32cube.ide.mcu.externaltools.gnu-tools-for-stm32.13.3.rel1.linux64_1.0.0.202410170706/tools/bin/../lib/gcc/arm-none-eabi/13.3.1/thumb/v7-m/nofp/libgcc.a(_arm_muldivsf3.o)
 .debug_frame   0x00003384       0xc8 /opt/st/stm32cubeide_1.18.1/plugins/com.st.stm32cube.ide.mcu.externaltools.gnu-tools-for-stm32.13.3.rel1.linux64_1.0.0.202410170706/tools/bin/../lib/gcc/arm-none-eabi/13.3.1/thumb/v7-m/nofp/libgcc.a(_arm_cmpsf2.o)
 .debug_frame   0x0000344c       0x24 /opt/st/stm32cubeide_1.18.1/plugins/com.st.stm32cube.ide.mcu.externaltools.gnu-tools-for-stm32.13.3.rel1.linux64_1.0.0.202410170706/tools/bin/../lib/gcc/arm-none-eabi/13.3.1/thumb/v7-m/nofp/libgcc.a(_arm_fixsfsi.o)

.debug_line_str
                0x00000000       0x61
 .debug_line_str
                0x00000000       0x61 ./Core/Startup/startup_stm32f103c8tx.o
